[    0.000000] Linux version 4.12.0-11-generic (buildd@lgw01-26) (gcc version 7.1.0 (Ubuntu 7.1.0-13ubuntu1) ) #12-Ubuntu SMP Fri Aug 11 12:26:42 UTC 2017 (Ubuntu 4.12.0-11.12-generic 4.12.5)
[    0.000000] Command line: BOOT_IMAGE=/boot/vmlinuz-4.12.0-11-generic root=LABEL=cloudimg-rootfs ro console=tty1 console=ttyS0
[    0.000000] KERNEL supported cpus:
[    0.000000]   Intel GenuineIntel
[    0.000000]   AMD AuthenticAMD
[    0.000000]   Centaur CentaurHauls
[    0.000000] x86/fpu: Supporting XSAVE feature 0x001: 'x87 floating point registers'
[    0.000000] x86/fpu: Supporting XSAVE feature 0x002: 'SSE registers'
[    0.000000] x86/fpu: Supporting XSAVE feature 0x004: 'AVX registers'
[    0.000000] x86/fpu: xstate_offset[2]:  576, xstate_sizes[2]:  256
[    0.000000] x86/fpu: Enabled xstate features 0x7, context size is 832 bytes, using 'standard' format.
[    0.000000] e820: BIOS-provided physical RAM map:
[    0.000000] BIOS-e820: [mem 0x0000000000000000-0x000000000009fbff] usable
[    0.000000] BIOS-e820: [mem 0x000000000009fc00-0x000000000009ffff] reserved
[    0.000000] BIOS-e820: [mem 0x00000000000f0000-0x00000000000fffff] reserved
[    0.000000] BIOS-e820: [mem 0x0000000000100000-0x000000007ffeffff] usable
[    0.000000] BIOS-e820: [mem 0x000000007fff0000-0x000000007fffffff] ACPI data
[    0.000000] BIOS-e820: [mem 0x00000000fffc0000-0x00000000ffffffff] reserved
[    0.000000] NX (Execute Disable) protection: active
[    0.000000] SMBIOS 2.5 present.
[    0.000000] DMI: innotek GmbH VirtualBox/VirtualBox, BIOS VirtualBox 12/01/2006
[    0.000000] Hypervisor detected: KVM
[    0.000000] tsc: Unable to calibrate against PIT
[    0.000000] tsc: No reference (HPET/PMTIMER) available
[    0.000000] e820: last_pfn = 0x7fff0 max_arch_pfn = 0x400000000
[    0.000000] MTRR: Disabled
[    0.000000] x86/PAT: MTRRs disabled, skipping PAT initialization too.
[    0.000000] CPU MTRRs all blank - virtualized system.
[    0.000000] x86/PAT: Configuration [0-7]: WB  WT  UC- UC  WB  WT  UC- UC  
[    0.000000] found SMP MP-table at [mem 0x0009fff0-0x0009ffff] mapped at [ffff9289c009fff0]
[    0.000000] Scanning 1 areas for low memory corruption
[    0.000000] RAMDISK: [mem 0x368cf000-0x3745efff]
[    0.000000] ACPI: Early table checksum verification disabled
[    0.000000] ACPI: RSDP 0x00000000000E0000 000024 (v02 VBOX  )
[    0.000000] ACPI: XSDT 0x000000007FFF0030 00003C (v01 VBOX   VBOXXSDT 00000001 ASL  00000061)
[    0.000000] ACPI: FACP 0x000000007FFF00F0 0000F4 (v04 VBOX   VBOXFACP 00000001 ASL  00000061)
[    0.000000] ACPI: DSDT 0x000000007FFF0470 002106 (v01 VBOX   VBOXBIOS 00000002 INTL 20100528)
[    0.000000] ACPI: FACS 0x000000007FFF0200 000040
[    0.000000] ACPI: FACS 0x000000007FFF0200 000040
[    0.000000] ACPI: APIC 0x000000007FFF0240 000054 (v02 VBOX   VBOXAPIC 00000001 ASL  00000061)
[    0.000000] ACPI: SSDT 0x000000007FFF02A0 0001CC (v01 VBOX   VBOXCPUT 00000002 INTL 20100528)
[    0.000000] No NUMA configuration found
[    0.000000] Faking a node at [mem 0x0000000000000000-0x000000007ffeffff]
[    0.000000] NODE_DATA(0) allocated [mem 0x7ffc5000-0x7ffeffff]
[    0.000000] kvm-clock: Using msrs 4b564d01 and 4b564d00
[    0.000000] kvm-clock: cpu 0, msr 0:7ff45001, primary cpu clock
[    0.000000] kvm-clock: using sched offset of 3649320781 cycles
[    0.000000] clocksource: kvm-clock: mask: 0xffffffffffffffff max_cycles: 0x1cd42e4dffb, max_idle_ns: 881590591483 ns
[    0.000000] Zone ranges:
[    0.000000]   DMA      [mem 0x0000000000001000-0x0000000000ffffff]
[    0.000000]   DMA32    [mem 0x0000000001000000-0x000000007ffeffff]
[    0.000000]   Normal   empty
[    0.000000]   Device   empty
[    0.000000] Movable zone start for each node
[    0.000000] Early memory node ranges
[    0.000000]   node   0: [mem 0x0000000000001000-0x000000000009efff]
[    0.000000]   node   0: [mem 0x0000000000100000-0x000000007ffeffff]
[    0.000000] Initmem setup node 0 [mem 0x0000000000001000-0x000000007ffeffff]
[    0.000000] ACPI: PM-Timer IO Port: 0x4008
[    0.000000] OOAPIC[0]: apic_id 1, version 17, address 0xfec00000, GSI 0-23
[    0.000000] ACPI: INT_SRC_OVR (bus 0 bus_irq 0 global_irq 2 dfl dfl)
[    0.000000] ACPI: INT_SRC_OVR (bus 0 bus_irq 9 global_irq 9 high level)
[    0.000000] Using ACPI (MADT) for SMP configuration information
[    0.000000] smpboot: Allowing 1 CPUs, 0 hotplug CPUs
[    0.000000] PM: Registered nosave memory: [mem 0x00000000-0x00000fff]
[    0.000000] PM: Registered nosave memory: [mem 0x0009f000-0x0009ffff]
[    0.000000] PM: Registered nosave memory: [mem 0x000a0000-0x000effff]
[    0.000000] PM: Registered nosave memory: [mem 0x000f0000-0x000fffff]
[    0.000000] e820: [mem 0x80000000-0xfffbffff] available for PCI devices
[    0.000000] Booting paravirtualized kernel on KVM
[    0.000000] clocksource: refined-jiffies: mask: 0xffffffff max_cycles: 0xffffffff, max_idle_ns: 7645519600211568 ns
[    0.000000] setup_percpu: NR_CPUS:8192 nr_cpumask_bits:1 nr_cpu_ids:1 nr_node_ids:1
[    0.000000] percpu: Embedded 39 pages/cpu @ffff928a3fc00000 s119384 r8192 d32168 u2097152
[    0.000000] PV qspinlock hash table entries: 256 (order: 0, 4096 bytes)
[    0.000000] Built 1 zonelists in Node order, mobility grouping on.  Total pages: 515961
[    0.000000] Policy zone: DMA32
[    0.000000] Kernel command line: BOOT_IMAGE=/boot/vmlinuz-4.12.0-11-generic root=LABEL=cloudimg-rootfs ro console=tty1 console=ttyS0
[    0.000000] PID hash table entries: 4096 (order: 3, 32768 bytes)
[    0.000000] Memory: 2029400K/2096696Kaavailable (9173K kernel code, 2537K rwdata, 3924K rodata, 2264K init, 2396K bss, 67296K reserved,0K cma-reserved)
[    0.000000] SLUB: HWalign=64, Order=0-3, MinObjects=0, CPUs=1, Nodes=1
[    0.000000] ftrace: allocating 37268 entries in 146 pages
[    0.004000] Hierarchical RCU implementation.
[    0.004000] 	RCU restricting CPUs from NR_CPUS=8192 to nr_cpu_ids=1.
[    0.004000] RCU: Adjusting geometry for rcu_fanout_leaf=16, nr_cpu_ids=1
[    0.004000] NR_IRQS:524544 nr_irqs:256 16
[    0.004000] Console: colour VGA+ 80x25
[    0.004000] console [tty1] enabled
[    0.004000] console [ttyS0] enabled
[    0.004000] tsc: Detected 2699.998 MHz processor
[    0.004011] Calibrating delay loop (skipped) preset value.. 5399.99 BogoMIPS (lpj=10799992)
[    0.008010] pid_max: default: 32768 minimum: 301
[    0.012033] ACPI: Core revision 20170303
[    0.021040] ACPI: 2 ACPI AML tables successfully acquired and loaded
[    0.024323] Security Framework initialized
[    0.028063] Yama: becoming mindful.
[    0.032068] AppArmor: AppArmor initialized
[    0.040016] Dentry cache hash table entries: 262144 (order: 9, 2097152 bytes)
[    0.044972] Inode-cache hash table entries: 131072 (order: 8, 1048576 bytes)
[    0.052117] Mount-cache hash table entries: 4096 (order: 3, 32768 bytes)
[    0.056016] Mountpoint-cache hash table entries: 4096 (order: 3, 32768 bytes)
[    0.060217] CPU: Physical Processor ID: 0
[    0.064027] mce: CPU supports 0 MCE banks
[    0.068033] process: using mwait in idle threads
[    0.072013] Last level iTLB entries: 4KB 64, 2MB 8, 4MB 8
[    0.076012] Last level dTLB entries: 4KB 64, 2MB 0, 4MB 0, 1GB 4
[    0.094017] Freeing SMP alternatives memory: 32K
[    0.097287] smpboot: Max logical packages: 1
[    0.101348] ..TIMER: vector=0x30 apic1=0 pin1=2 apic2=-1 pin2=-1
[    0.108000] smpboot: CPU0: Intel(R) Core(TM) i5-5257U CPU @ 2.70GHz (family: 0x6, model: 0x3d, stepping: 0x4)
[    0.108157] Performance Events: unsupported p6 CPU model 61 no PMU driver, software events only.
[    0.112940] smp: Bringing up secondary CPUs ...
[    0.116014] smp: Brought up 1 node, 1 CPU
[    0.120011] smpboot: Total of 1 processors activated (5399.99 BogoMIPS)
[    0.124300] sched_clock: Marking stable (124000000, 0)->(1815292299, -1691292299)
[    0.143565] devtmpfs: initialized
[    0.152471] x86/mm: Memory block size: 128MB
[    0.165989] evm: security.selinux
[    0.191640] evm: security.SMACK64
[    0.198568] evm: security.SMACK64EXEC
[    0.202856] evm: security.SMACK64TRANSMUTE
[    0.233203] evm: security.SMACK64MMAP
[    0.249497] evm: security.ima
[    0.253901] evm: security.capability
[    0.265220] clocksource: jiffies: mask: 0xffffffff max_cycles: 0xffffffff, max_idle_ns: 7645041785100000 ns
[    0.287127] futex hash table entries: 256 (order: 2, 16384 bytes)
[    0.298089] pinctrl core: initialized pinctrl subsystem
[    0.318946] RTC time:  1:05:14, date: 09/16/17
[    0.320183] NET: Registered protocol family 16
[    0.321389] cpuidle: using governor ladder
[    0.322442] cpuidle: using governor menu
[    0.329732] PCCT header not found.
[    0.334743] ACPI: bus type PCI registered
[    0.338532] acpiphp: ACPI Hot Plug PCI Controller Driver version: 0.5
[    0.348695] PCI: Using configuration type 1 for base access
[    0.357748] HugeTLB registered 2 MB page size, pre-allocated 0 pages
[    0.365421] ACPI: Added _OSI(Module Device)
[    0.373872] ACPI: Added _OSI(Processor Device)
[    0.384490] ACPI: Added _OSI(3.0 _SCP Extensions)
[    0.393055] ACPI: Added _OSI(Processor Aggregator Device)
[    0.406261] ACPI: Executed 1 blocks of module-level executable AML code
[    0.412339] ACPI: Interpreter enabled
[    0.414356] ACPI: (supports S0 S5)
[    0.419547] ACPI: Using IOAPIC for interrupt routing
[    0.436990] PCI: Using host bridge windows from ACPI; if necessary, use "pci=nocrs" and report a bug
[    0.467904] ACPI: PCI Root Bridge [PCI0] (domain 0000 [bus 00-ff])
[    0.517317] acpi PNP0A03:00: _OSC: OS supports [ASPM ClockPM Segments MSI]
[    0.578679] acpi PNP0A03:00: _OSC failed (AE_NOT_FOUND); disabling ASPM
[    0.608524] acpi PNP0A03:00: fail to add MMCONFIG information, can't access extended PCI configuration space under this bridge.
[    0.617592] PCI host bridge to bus 0000:00
[    0.622858] pci_bus 0000:00: root bus resource [io  0x0000-0x0cf7 window]
[    0.635245] pci_bus 0000:00: root bus resource [io  0x0d00-0xffff window]
[    0.642054] pci_bus 0000:00: root bus resource [mem 0x000a0000-0x000bffff window]
[    0.655541] pci_bus 0000:00: root bus resource [mem 0x80000000-0xffdfffff window]
[    0.657593] pci_bus 0000:00: root bus resource [bus 00-ff]
[    0.669452] pci 0000:00:01.1: legacy IDE quirk: reg 0x10: [io  0x01f0-0x01f7]
[    0.676460] pci 0000:00:01.1: legacy IDE quirk: reg 0x14: [io  0x03f6]
[    0.677901] pci 0000:00:01.1: legacy IDE quirk: reg 0x18: [io  0x0170-0x0177]
[    0.695913] pci 0000:00:01.1: legacy IDE quirk: reg 0x1c: [io  0x0376]
[    0.767015] ACPI: PCI Interrupt Link [LNKA] (IRQs 5 9 10 11) *0, disabled.
[    0.769428] ACPI: PCI Interrupt Link [LNKB] (IRQs 5 9 10 *11)
[    0.771894] ACPI: PCI Interrupt Link [LNKC] (IRQs 5 9 *10 11)
[    0.779533] ACPI: PCI Interrupt Link [LNKD] (IRQs 5 *9 10 11)
[    0.780971] ACPI: Enabled 2 GPEs in block 00 to 07
[    0.782421] SCSI subsystem initialized
[    0.783504] pci 0000:00:02.0: vgaarb: setting as boot VGA device
[    0.785021] pci 0000:00:02.0: vgaarb: VGA device added: decodes=io+mem,owns=io+mem,locks=none
[    0.787317] pci 0000:00:02.0: vgaarb: bridge control possible
[    0.788638] vgaarb: loaded
[    0.817602] ACPI: bus type USB registered
[    0.819598] usbcore: registered new interface driver usbfs
[    0.825621] usbcore: registered new interface driver hub
[    0.828606] usbcore: registered new device driver usb
[    0.919459] EDAC MC: Ver: 3.0.0
[    0.958936] PCI: Using ACPI for IRQ routing
[    0.991758] NetLabel: Initializing
[    1.021471] NetLabel:  domain hash size = 128
[    1.024665] NetLabel:  protocols = UNLABELED CIPSOv4 CALIPSO
[    1.032398] NetLabel:  unlabeled traffic allowed by default
[    1.050569] clocksource: Switched to clocksource kvm-clock
[    1.081968] VFS: Disk quotas dquot_6.6.0
[    1.086291] VFS: Dquot-cache hash table entries: 512 (order 0, 4096 bytes)
[    1.099108] AppArmor: AppArmor Filesystem Enabled
[    1.103669] pnp: PnP ACPI init
[    1.116793] pnp: PnP ACPI: found 3 devices
[    1.131400] clocksource: acpi_pm: mask: 0xffffff max_cycles: 0xffffff, max_idle_ns: 2085701024 ns
[    1.142221] NET: Registered protocol family 2
[    1.158376] TCP established hash table entries: 16384 (order: 5, 131072 bytes)
[    1.162127] TCP bind hash table entries: 16384 (order: 6, 262144 bytes)
[    1.169431] TCP: Hash tables configured (established 16384 bind 16384)
[    1.171670] UDP hash table entries: 1024 (order: 3, 32768 bytes)
[    1.189920] UDP-Lite hash table entries: 1024 (order: 3, 32768 bytes)
[    1.216181] NET: Registered protocol family 1
[    1.220390] pci 0000:00:00.0: Limiting direct PCI/PCI transfers
[    1.239781] pci 0000:00:01.0: Activating ISA DMA hang workarounds
[    1.259056] pci 0000:00:02.0: Video device with shadowed ROM at [mem 0x000c0000-0x000dffff]
[    1.268017] Unpacking initramfs...
[    4.441005] Freeing initrd memory: 11840K
[    4.447844] platform rtc_cmos: registered platform RTC device (no PNP device found)
[    4.460271] Scanning for low memory corruption every 60 seconds
[    4.468849] audit: initializing netlink subsys (disabled)
[    4.476962] Initialise system trusted keyrings
[    4.483775] audit: type=2000 audit(1505523921.510:1): state=initialized audit_enabled=0 res=1
[    4.493703] Key type blacklist registered
[    4.499090] workingset: timestamp_bits=36 max_order=19 bucket_order=0
[    4.505610] zbud: loaded
[    4.512471] squashfs: version 4.0 (2009/01/31) Phillip Lougher
[    4.531827] fuse init (API version 7.26)
[    4.534733] Key type asymmetric registered
[    4.537492] Asymmetric key parser 'x509' registered
[    4.538656] Block layer SCSI generic (bsg) driver version 0.4 loaded (major 247)
[    4.540536] io scheduler noop registered
[    4.541508] io scheduler deadline registered
[    4.542572] io scheduler cfq registered (default)
[    4.544144] ACPI: AC Adapter [AC] (off-line)
[    4.551590] input: Power Button as /devices/LNXSYSTM:00/LNXPWRBN:00/input/input0
[    4.563651] ACPI: Power Button [PWRF]
[    4.568345] input: Sleep Button as /devices/LNXSYSTM:00/LNXSLPBN:00/input/input1
[    4.578452] ACPI: Sleep Button [SLPF]
[    4.586739] GHES: HEST is not enabled!
[    4.592290] ACPI: Battery Slot [BAT0] (battery present)
[    4.599632] Serial: 8250/16550 driver, 32 ports, IRQ sharing enabled
[    4.634564] 00:02: ttyS0 at I/O 0x3f8 (irq = 4, base_baud = 115200) is a 16550A
[    4.640461] Linux agpgart interface v0.103
[    4.663841] loop: module loaded
[    4.676453] scsi host0: ata_piix
[    4.682254] scsi host1: ata_piix
[    4.692390] ata1: PATA max UDMA/33 cmd 0x1f0 ctl 0x3f6 bmdma 0xd000 irq 14
[    4.698271] ata2: PATA max UDMA/33 cmd 0x170 ctl 0x376 bmdma 0xd008 irq 15
[    4.707913] libphy: Fixed MDIO Bus: probed
[    4.713084] tun: Universal TUN/TAP device driver, 1.6
[    4.727763] PPP generic driver version 2.4.2
[    4.749201] ehci_hcd: USB 2.0 'Enhanced' Host Controller (EHCI) Driver
[    4.750660] ehci-pci: EHCI PCI platform driver
[    4.769786] ehci-platform: EHCI generic platform driver
[    4.781691] ohci_hcd: USB 1.1 'Open' Host Controller (OHCI) Driver
[    4.802615] ohci-pci: OHCI PCI platform driver
[    4.807439] ohci-platform: OHCI generic platform driver
[    4.841223] uhci_hcd: USB Universal Host Controller Interface driver
[    4.868841] i8042: PNP: PS/2 Controller [PNP0303:PS2K,PNP0f03:PS2M] at 0x60,0x64 irq 1,12
[    4.890165] serio: i8042 KBD port at 0x60,0x64 irq 1
[    4.897554] serio: i8042 AUX port at 0x60,0x64 irq 12
[    4.921075] mousedev: PS/2 mouse device common for all mice
[    4.948068] input: AT Translated Set 2 keyboard as /devices/platform/i8042/serio0/input/input2
[    4.975823] rtc_cmos rtc_cmos: rtc core: registered rtc_cmos as rtc0
[    5.004749] rtc_cmos rtc_cmos: alarms up to one day, 114 bytes nvram
[    5.020041] i2c /dev entries driver
[    5.032072] device-mapper: uevent: version 1.0.3
[    5.039386] device-mapper: ioctl: 4.35.0-ioctl (2016-06-23) initialised: dm-devel@redhat.com
[    5.100560] ledtrig-cpu: registered to indicate activity on CPUs
[    5.172378] vlv2_plat_clk vlv2_plat_clk: vlv2_plat_clk initialized
[    5.225424] NET: Registered protocol family 10
[    5.255689] Segment Routing with IPv6
[    5.272328] NET: Registered protocol family 17
[    5.276408] Key type dns_resolver registered
[    5.285599] RAS: Correctable Errors collector initialized.
[    5.289285] registered taskstats version 1
[    5.298490] Loading compiled-in X.509 certificates
[    5.315768] Loaded X.509 cert 'Build time autogenerated kernel key: 6cda953fc411a10e667a59bb21f4c63f13712e56'
[    5.359727] zswap: loaded using pool lzo/zbud
[    5.392874] Key type big_key registered
[    5.400800] Key type trusted registered
[    5.412678] Key type encrypted registered
[    5.416793] AppArmor: AppArmor sha1 policy hashing enabled
[    5.435753] ima: No TPM chip found, activating TPM-bypass! (rc=-19)
[    5.445183] evm: HMAC attrs: 0x1
[    5.446427]   Magic number: 1:835:53
[    5.449312] rtc_cmos rtc_cmos: setting system clock to 2017-09-16 01:05:19 UTC (1505523919)
[    5.451523] tsc: Refined TSC clocksource calibration: 2700.051 MHz
[    5.457353] clocksource: tsc: mask: 0xffffffffffffffff max_cycles: 0x26eb6eae786, max_idle_ns: 440795239466 ns
[    5.459727] BIOS EDD facility v0.16 2004-Jun-25, 0 devices found
[    5.464362] EDD information not available.
[    5.470974] Freeing unused kernel memory: 2264K
[    5.476469] Write protecting the kernel read-only data: 14336k
[    5.487250] Freeing unused kernel memory: 1052K
[    5.492144] Freeing unused kernel memory: 172K
[    5.503411] x86/mm: Checked W+X mappings: passed, no W+X pages found.
Loading, please wait...
starting version 234
[    5.567416] e1000: Intel(R) PRO/1000 Network Driver - version 7.3.21-k8-NAPI
[    5.572562] e1000: Copyright (c) 1999-2006 Intel Corporation.
[    5.608689] Fusion MPT base driver 3.04.20
[    5.614734] Copyright (c) 1999-2008 LSI Corporation
[    5.650765] AVX version of gcm_enc/dec engaged.
[    5.657877] AES CTR mode by8 optimization enabled
[    5.750120] Fusion MPT SPI Host driver 3.04.20
[    5.860237] input: ImExPS/2 Generic Explorer Mouse as /devices/platform/i8042/serio1/input/input4
[    6.263769] e1000 0000:00:03.0 eth0: (PCI:33MHz:32-bit) 02:ed:a7:d0:4f:77
[    6.272676] e1000 0000:00:03.0 eth0: Intel(R) PRO/1000 Network Connection
[    6.289576] mptbase: ioc0: Initiating bringup
[    6.395299] ioc0: LSI53C1030 A0: Capabilities={Initiator}
[    6.640222] scsi host2: ioc0: LSI53C1030 A0, FwRev=00000000h, Ports=1, MaxQ=256, IRQ=20
[    6.812243] scsi 2:0:0:0: Direct-Access     VBOX     HARDDISK         1.0  PQ: 0 ANSI: 5
[    6.825649] scsi target2:0:0: Beginning Domain Validation
[    6.829025] random: fast init done
[    6.834020] scsi target2:0:0: Domain Validation skipping write tests
[    6.836349] scsi target2:0:0: Ending Domain Validation
[    6.839516] scsi target2:0:0: asynchronous
[    6.845787] scsi 2:0:1:0: Direct-Access     VBOX     HARDDISK         1.0  PQ: 0 ANSI: 5
[    6.859224] scsi target2:0:1: Beginning Domain Validation
[    6.899778] scsi target2:0:1: Domain Validation skipping write tests
[    6.905962] scsi target2:0:1: Ending Domain Validation
[    6.925993] scsi target2:0:1: asynchronous
[    7.043995] sd 2:0:0:0: Attached scsi generic sg0 type 0
[    7.051941] sd 2:0:0:0: [sda] 20971520 512-byte logical blocks: (10.7 GB/10.0 GiB)
[    7.074365] sd 2:0:1:0: Attached scsi generic sg1 type 0
[    7.087649] sd 2:0:1:0: [sdb] 20480 512-byte logical blocks: (10.5 MB/10.0 MiB)
[    7.109924] sd 2:0:0:0: [sda] Write Protect is off
[    7.124771] sd 2:0:0:0: [sda] Incomplete mode parameter data
[    7.135901] sd 2:0:0:0: [sda] Assuming drive cache: write through
[    7.151624] sd 2:0:1:0: [sdb] Write Protect is off
[    7.156863] sd 2:0:1:0: [sdb] Incomplete mode parameter data
[    7.175130] sd 2:0:1:0: [sdb] Assuming drive cache: write through
[    7.219961]  sda: sda1
[    7.245320] sd 2:0:0:0: [sda] Attached SCSI disk
[    7.252142] sd 2:0:1:0: [sdb] Attached SCSI disk
[    7.539072] e1000 0000:00:08.0 eth1: (PCI:33MHz:32-bit) 08:00:27:f4:30:de
[    7.565707] e1000 0000:00:08.0 eth1: Intel(R) PRO/1000 Network Connection
[    7.593259] e1000 0000:00:08.0 enp0s8: renamed from eth1
[    7.618367] e1000 0000:00:03.0 enp0s3: renamed from eth0
[    8.779038] floppy0: no floppy controllers found
Begin: Loading essential drivers ... [   10.394726] raid6: sse2x1   gen()  4428 MB/s
[   10.450820] raid6: sse2x1   xor()  4107 MB/s
[   10.502827] raid6: sse2x2   gen()  8396 MB/s
[   10.560219] raid6: sse2x2   xor()  3041 MB/s
[   10.610707] raid6: sse2x4   gen()  9649 MB/s
[   10.663077] raid6: sse2x4   xor()  2852 MB/s
[   10.669868] raid6: using algorithm sse2x4 gen() 9649 MB/s
[   10.672797] raid6: .... xor() 2852 MB/s, rmw enabled
[   10.673930] raid6: using ssse3x2 recovery algorithm
[   10.677231] xor: automatically using best checksumming function   avx       
[   10.698940] async_tx: api initialized (async)
done.
Begin: Running /scripts/init-premount ... done[   10.785328] Btrfs loaded, crc32c=crc32c-intel
.
Begin: Mounting root file system ... Begin: Running /scripts/local-top ... do[   10.906614] EXT4-fs (sda1): mounted filesystem with ordered data mode. Opts: (null)
ne.
Begin: Running /scripts/local-premount ... Scanning for Btrfs filesystems
done.
Warning: fsck not present, so skipping root file system
done.
Begin: Running /scripts/local-bottom ... done.
Begin: Running /scripts/init-bottom ... /scripts/init-bottom/plymouth: line 18: /bin/plymouth: not found
done.
[   11.154761] ip_tables: (C) 2000-2006 Netfilter Core Team
[   11.172082] systemd[1]: systemd 234 running in system mode. (+PAM +AUDIT +SELINUX +IMA +APPARMOR +SMACK +SYSVINIT +UTMP +LIBCRYPTSETUP +GCRYPT +GNUTLS +ACL +XZ +LZ4 +SECCOMP +BLKID +ELFUTILS +KMOD -IDN2 +IDN default-hierarchy=hybrid)
[   11.222557] systemd[1]: Detected virtualization oracle.
[   11.227154] systemd[1]: Detected architecture x86-64.

Welcome to [1mUbuntu Artful Aardvark (development branch)[0m!

[   11.250120] systemd[1]: Set hostname to <ubuntu>.
[   11.264372] systemd[1]: Initializing machine ID from random generator.
[   11.303137] systemd[1]: Installed transient /etc/machine-id file.
[   11.561958] systemd[1]: Listening on /dev/initctl Compatibility Named Pipe.
[[0;32m  OK  [0m] Listening on /dev/initctl Compatibility Named Pipe.
[   11.588874] systemd[1]: Created slice System Slice.
[[0;32m  OK  [0m] Created slice System Slice.
[   11.601500] systemd[1]: Listening on Journal Socket (/dev/log).
[[0;32m  OK  [0m] Listening on Journal Socket (/dev/log).
[   11.604170] systemd[1]: Mounting POSIX Message Queue File System...
         Mounting POSIX Message Queue File System...
[[0;32m  OK  [0m] Listening on udev Control Socket.
[[0;32m  OK  [0m] Listening on Network Service Netlink Socket.
[[0;32m  OK  [0m] Reached target Swap.
[[0;32m  OK  [0m] Reached target User and Group Name Lookups.
[[0;32m  OK  [0m] Listening on udev Kernel Socket.
         Mounting Kernel Debug File System...
[[0;32m  OK  [0m] Created slice User and Session Slice.
         Mounting Huge Pages File System...
[[0;32m  OK  [0m] Listening on Journal Audit Socket.
[[0;32m  OK  [0m] Created slice system-serial\x2dgetty.slice.
[[0;32m  OK  [0m] Started Forward Password Requests to Wall Directory Watch.
[[0;32m  OK  [0m] Set up automount Arbitrary Executabâ€¦rmats File System Automount Point.
[[0;32m  OK  [0m] Listening on LVM2 metadata daemon socket.
[[0;32m  OK  [0m] Listening on Journal Socket.
         Starting Uncomplicated firewall...
         Starting Load Kernel Modules...
[   11.759853] Loading iSCSI transport class v2.0-870.
         Starting Create list of required stâ€¦ce nodes for the current kernel...
[   11.803519] iscsi: registered transport (tcp)
         Starting Set the console keyboard layout...
         Starting Remount Root and Kernel File Systems...
[[0;32m  OK  [0m] Listening on Device-mapper event daemon FIFOs.
         Starting Monitoring of LVM2 mirr[   11.858895] EXT4-fs (sda1): re-mounted. Opts: (null)
orsâ€¦ng dmeventd or progress polling...
[[0;32m  OK  [0m] Reached target Slices.
[[0;32m  OK  [0m] Listening on [   11.965841] iscsi: registered transport (iser)
Syslog Socket.
         Starting Journal Service...
[[0;32m  OK  [0m] Listening on LVM2 poll daemon socket.
[[0;32m  OK  [0m] Mounted Kernel Debug File System.
[[0;32m  OK  [0m] Mounted POSIX Message Queue File System.
[[0;32m  OK  [0m] Mounted Huge Pages File System.
[[0;32m  OK  [0m] Started Journal Service.
[[0;32m  OK  [0m] Started Uncomplicated firewall.
[[0;32m  OK  [0m] Started Load Kernel Modules.
[[0;32m  OK  [0m] Started Create list of required staâ€¦vice nodes for the current kernel.
[[0;32m  OK  [0m] Started Set the console keyboard layout.
[[0;32m  OK  [0m] Started Remount Root and Kernel File Systems.
[[0;32m  OK  [0m] Started LVM2 metadata daemon.[   12.318642] random: crng init done

         Starting Load/Save Random Seed...
         Starting udev Coldplug all Devices...
         Starting Create Static Device Nodes in /dev...
         Mounting Kernel Configuration File System...
         Starting Apply Kernel Variables...
         Mounting FUSE Control File System...
         Starting Flush Journal to Persistent Storage...
[[0;32m  OK  [0m] Mounted Kernel Configuration File System.
[[0;32m  OK  [0m] Mounted FUSE Control File System.
[[0;32m  OK  [0m] Started Monitoring of LVM2 mirrors,â€¦sing dmeventd or progress polling.
[[0;32m  OK  [0m] Started Load/Save Random Seed.
[[0;32m  OK  [0m] Started Create Static Device Nodes in /dev.
[[0;32m  OK  [0m] Started Apply Kernel Variables.
[[0;32m  OK  [0m] Started udev Coldplug all Devices.
         Starting udev Kernel Device Manager...
[[0;32m  OK  [0m] Started udev Kernel Device Manager.
[[0;32m  OK  [0m] Started Dispatch Password Requests to Console Directory Watch.
[[0;32m  OK  [0m] Reached target Encrypted Volumes.
[[0;32m  OK  [0m] Reached target Local File Systems (Pre).
[[0;32m  OK  [0m] Reached target Local File Systems.
         Starting Tell Plymouth To Write Out Runtime Data...
         Starting AppArmor initialization...
         Starting ebtables ruleset management...
         Starting Set console font and keymap...
         Starting Commit a transient machine-id on disk...
[[0;32m  OK  [0m] Started Flush Journal to Persistent Storage.
[[0;32m  OK  [0m] Started Tell Plymouth To Write Out Runtime Data.
         Starting Create Volatile Files and Directories...
[[0;32m  OK  [0m] Started Set console font and keymap.
[[0;32m  OK  [0m] Started Commit a transient machine-id on disk.
[[0;32m  OK  [0m] Started Create Volatile Files and Directories.
         Starting Initial cloud-init job (pre-networking)...
[[0;32m  OK  [0m] Reached target System Time Synchronized.
         Starting Update UTMP about System Boot/Shutdown...
[[0;32m  OK  [0m] Started Update UTMP about System Boot/Shutdown.
[[0;32m  OK  [0m] Started ebtables ruleset management.
[[0;32m  OK  [0m] Found device /dev/ttyS0.
[[0;32m  OK  [0m] Listening on Load/Save RF Kill Switch Status /dev/rfkill Watch.
[   15.802490] cloud-init[463]: Cloud-init v. 0.7.9 running 'init-local' at Sat, 16 Sep 2017 01:05:29 +0000. Up 15.12 seconds.
[[0;32m  OK  [0m] Started Initial cloud-init job (pre-networking).
[[0;32m  OK  [0m] Started AppArmor initialization.
[[0;32m  OK  [0m] Reached target Network (Pre).
         Starting Network Service...
         Starting Raise network interfaces...
[[0;32m  OK  [0m] Started Network Service.
         Starting Wait for Network to be Configured...
[[0;32m  OK  [0m] Started Wait for Network to be Configured.
[[0;32m  OK  [0m] Started Raise network interfaces.
[[0;32m  OK  [0m] Reached target Network.
         Starting Initial cloud-init job (metadata service crawler)...
[   18.817303] cloud-init[823]: Cloud-ini[   19.453191] VFS: brelse: Trying to free free buffer
t v. 0.7.9 running 'init' at Sat, 16 Sep 2017 01:05:32 +0000. Up 17.86 seconds.
[   18.872750] cloud-init[823]: ci-info: ++++++++++++++++++++++++++++++Net device info++++++++++++++++++++++++++++++
[   18.912730] cloud-init[823]: ci-info: +---------+-------+-----------+---------------+-------+-------------------+
[   18.928342] cloud-init[823]: ci-info: |  Device |   Up  |  Address  |      Mask     | Scope |     Hw-Address    |
[   18.937413] cloud-init[823]: ci-info: +---------+-------+-----------+---------------+-------+-------------------+
[   18.981012] cloud-init[823]: ci-info: | enp0s3: |  True | 10.0.2.15 | 255.255.255.0 |   .   | 02:ed:a7:d0:4f:77 |
[   19.005138] cloud-init[823]: ci-info: | enp0s3: |  True |     .     |       .       |   d   | 02:ed:a7:d0:4f:77 |
[   19.015088] cloud-init[823]: ci-info: | enp0s8: | False |     .     |       .       |   .   | 08:00:27:f4:30:de |
[   19.016783] cloud-init[823]: ci-info: |   lo:   |  True | 127.0.0.1 |   255.0.0.0   |   .   |         .         |
[   19.018412] cloud-init[823]: ci-info: |   lo:   |  True |     .     |       .       |   d   |         .         |
[   19.023900] cloud-init[823]: ci-info: +---------+-------+-----------+---------------+-------+-------------------+
[   19.034792] cloud-init[823]: ci-info: +++++++++++++++++++++++++++Route IPv4 info++++++++++++++++++++++++++++
[   19.044809] cloud-init[823]: ci-info: +-------+-------------+----------+---------------+-----------+-------+
[   19.054639] cloud-init[823]: ci-info: | Route | Destination | Gateway  |    Genmask    | Interface | Flags |
[   19.060815] cloud-init[823]: ci-info: +-------+-------------+----------+---------------+-----------+-------+
[   19.079555] cloud-init[823]: ci-info: |   0   |   0.0.0.0   | 10.0.2.2 |    0.0.0.0    |   enp0s3  |   UG  |
[   19.091428] cloud-init[823]: ci-info: |   1   |   10.0.2.0  | 0.0.0.0  | 255.255.255.0 |   enp0s3  |   U   |
[   19.108535] cloud-init[823]: ci-info: +-------+-------------+----------+---------------+-----------+-------+
[   19.140875] cloud-init[823]: 2017-09-16 01:05:33,484 - util.py[WARNING]: Failed to resize filesystem (cmd=('resize2fs', '/dev/sda1'))
[   19.203548] cloud-init[823]: 2017-09-16 01:05:33,492 - util.py[WARNING]: Running module resizefs (<module 'cloudinit.config.cc_resizefs' from '/usr/lib/python3/dist-packages/cloudinit/config/cc_resizefs.py'>) failed
[   20.058942] cloud-init[823]: Generating public/private rsa key pair.
[   20.066731] cloud-init[823]: Your identification has been saved in /etc/ssh/ssh_host_rsa_key.
[   20.078822] cloud-init[823]: Your public key has been saved in /etc/ssh/ssh_host_rsa_key.pub.
[   20.092582] cloud-init[823]: The key fingerprint is:
[   20.096497] cloud-init[823]: SHA256:GhS14Cgmecd9ado27wjTIbmcCyT3iKCOjKkaqBxPjDQ root@ubuntu-artful
[   20.109062] cloud-init[823]: The key's randomart image is:
[   20.124473] cloud-init[823]: +---[RSA 2048]----+
[   20.127385] cloud-init[823]: |      o..        |
[   20.151113] cloud-init[823]: | . . + o o       |
[   20.161932] cloud-init[823]: |o + + + =        |
[   20.164593] cloud-init[823]: | + o . *         |
[   20.191843] cloud-init[823]: |.E. o = S        |
[   20.194478] cloud-init[823]: |+.+= + O +       |
[   20.196988] cloud-init[823]: |+o.oo O . .      |
[   20.204892] cloud-init[823]: |Bo+  . + o       |
[   20.207514] cloud-init[823]: |X+ .  . . .      |
[   20.210149] cloud-init[823]: +----[SHA256]-----+
[   20.235629] cloud-init[823]: Generating public/private dsa key pair.
[[0;1;31mFAILED[0m] Failed to start Initial cloud-init job (metadata service crawler).
See 'systemctl status cloud-init.service' for details.
[[0;32m  OK  [0m] Reached target System Initialization.
[   20.348551] cloud-init[823]: Your identification has been saved in /etc/ssh/ssh_host_dsa_key.
[   20.432818] cloud-init[823]: Your public key has been saved in /etc/ssh/ssh_host_dsa_key.pub.
[   20.442784] cloud-init[823]: The key fingerprint is:
[   20.464734] cloud-init[823]: SHA256:/LUlUN9NubiS+jJk1hIiIEvEZldnpj4NtRu8GTjE+qM root@ubuntu-artful
[[0;32m  OK  [0m] Started Timer to automatically fetch and run repair assertions.
[   20.479550] cloud-init[823]: The key's randomart image is:
[   20.480622] cloud-init[823]: +---[DSA 1024]----+
[[0;32m  OK  [0m] Listening on UUID daemon activation socket.
[   20.486682] cloud-init[823]: |o.  oo =    .   o|
[   20.512359] cloud-init[823]: | * o..O .  . . +.|
[[0;32m  OK  [0m] Started systemd-resolved-update-resolvconf.path.
[   20.516360] cloud-init[823]: |+ + o= =  .   o +|         Starting LXD - unix socket.
[[0;32m  OK  [0m] Started Timer to automatically refresh installed snaps.
         Starting Socket activation for snappy daemon.
[[0;32m  OK  [0m] Listening on ACPID Listen Socket.
[[0;32m  OK  [0m] Started ACPI Events Check.
[[0;32m  OK  [0m] Reached target Paths.
[[0;32m  OK  [0m] Started Message of the Day.
[[0;32m  OK  [0m] Listening on D-Bus System Message Bus Socket.
[[0;32m  OK  [0m] Started Daily Cleanup of Temporary Directories.
[[0;32m  OK  [0m] Reached target Cloud-config availability.

[   20.565461] cloud-init[823]: [[0;32m  OK  [0m] Listening on Socket activation for snappy daemon.
| . ...+o*. . . . |
[[   20.577191] cloud-init[823]: |    .o.=S o + o  |[0;32m  OK  [0m] Listening on LXD - unix socket.
[[0;32m  OK  [0m] Reached target Sockets.
[[0;32m  OK  [0m] Reached target Basic System.
[[0;32m  OK  [0m] Started Unattended Upgrades Shutdown.

         Starting Accounts Service...[   20.608636] cloud-init[823]: |     o.  * = =   |
[   20.608752] cloud-init[823]: |    . . + + o    |
[   20.608835] cloud-init[823]: |   E     +       |
[   20.608916] cloud-init[823]: |          +.     |
[   20.608993] cloud-init[823]: +----[SHA256]-----+
[   20.609069] cloud-init[823]: Generating public/private ecdsa key pair.
[   20.609141] cloud-init[823]: Your identification has been saved in /etc/ssh/ssh_host_ecdsa_key.
[   20.609217] cloud-init[823]: Your public key has been saved in /etc/ssh/ssh_host_ecdsa_key.pub.
[   20.609291] cloud-init[823]: The key fingerprint is:
[   20.609363] cloud-init[823]: SHA256:E6LlNoUCgLdwoFalAyZchESNl9f2vNWQ/OwRyQ/klpI root@ubuntu-artful
[   20.609507] cloud-init[823]: The key's randomart image is:
[   20.609595] cloud-init[823]: +---[ECDSA 256]---+
[   20.609694] cloud-init[823]: |OBB+o..   . +..  |
[   20.609778] cloud-init[823]: |*+==.. +   +o=.  |
[   20.609856] cloud-init[823]: |.=.+o = =  E=++  |
[   20.609934] cloud-init[823]: |. . .= o + .o= . |
[   20.610018] cloud-init[823]: |    . + S o . .  |
[   20.610103] cloud-init[823]: |     . . o   .   |
[   20.610195] cloud-init[823]: |                 |
[   20.610282] cloud-init[823]: |                 |
[   20.610364] cloud-init[823]: |                 |
[   20.610447] cloud-init[823]: +----[SHA256]-----+
[   20.610532] cloud-init[823]: Generating public/private ed25519 key pair.
[   20.610621] cloud-init[823]: Your identification has been saved in /etc/ssh/ssh_host_ed25519_key.
[   20.610706] cloud-init[823]: Your public key has been saved in /etc/ssh/ssh_host_ed25519_key.pub.
[   20.610786] cloud-init[823]: The key fingerprint is:
[   20.610866] cloud-init[823]: SHA256:4petFhfSiWsiS+3kNym0QjSZw9lq6Nt1X/yTI9YRl5s root@ubuntu-artful
[   20.610951] cloud-init[823]: The key's randomart image is:
[   20.611039] cloud-init[823]: +--[ED25519 256]--+
[   20.611122] cloud-init[823]: |                 |
[   20.611205] cloud-init[823]: |                 |
[   20.611285] cloud-init[823]: |   . =   o .    .|
[   20.611371] cloud-init[823]: |    O . o +   ...|
[   20.611455] cloud-init[823]: |   o =. So .   oo|
[   20.611540] cloud-init[823]: |  . *.=.+o..  .E |
[   20.611624] cloud-init[823]: | . + Bo+++. o. o |
[   20.611708] cloud-init[823]: |  ..o.=o=o .o.=  |

[[0;32m  OK  [0m] Started Deferred execution scheduler.
[   20.614977] cloud-init[823]: |  .... +.... ..o |         Starting Network Name Resolution...

         Starting Snappy daemon...
[   21.033462] cloud-init[823]: [[0;32m  OK  [0m] Started D-Bus System Message Bus.
+----[SHA256]-----+
[[0;32m  OK  [0m] Started FUSE filesystem for LXC.
         Starting Login Service...
         Starting LSB: Record successful boot for GRUB...
         Starting System Logging Service...
[[0;32m  OK  [0m] Started Regular background program processing daemon.
[[0;32m  OK  [0m] Started irqbalance daemon.
         Starting LXD - container startup/shutdown...
[[0;32m  OK  [0m] Started System Logging Service.
         Starting Authorization Manager...
[[0;32m  OK  [0m] Started Login Service.
[[0;32m  OK  [0m] Started Snappy daemon.
         Starting Auto import assertions from block devices...
[[0;32m  OK  [0m] Started Auto import assertions from block devices.
[[0;32m  OK  [0m] Started Authorization Manager.
[[0;32m  OK  [0m] Started Accounts Service.
[[0;32m  OK  [0m] Started LSB: Record successful boot for GRUB.
[[0;32m  OK  [0m] Started Network Name Resolution.
[[0;32m  OK  [0m] Reached target Host and Network Name Lookups.
[[0;32m  OK  [0m] Reached target Network is Online.
         Starting iSCSI initiator daemon (iscsid)...
         Starting Pollinate to seed the pseudo random number generator...
[[0;32m  OK  [0m] Started Daily apt download activities.
[[0;32m  OK  [0m] Started Daily apt upgrade and clean activities.
[[0;32m  OK  [0m] Reached target Timers.
         Starting Apply the settings specified in cloud-config...
         Starting systemd-resolved-update-resolvconf.service...
[[0;32m  OK  [0m] Started systemd-resolved-update-resolvconf.service.
[[0;32m  OK  [0m] Started iSCSI initiator daemon (iscsid).
[[0;32m  OK  [0m] Reached target Remote File Systems (Pre).
[[0;32m  OK  [0m] Reached target Remote File Systems.
         Starting Permit User Sessions...
         Starting LSB: VirtualBox Linux Additions...
[[0;32m  OK  [0m] Started Permit User Sessions.
         Starting Hold until boot process finishes up...
         Starting Terminate Plymouth Boot Screen...
[[0;32m  OK  [0m] Started Hold until boot process finishes up.
[[0;32m  OK  [0m] Started Terminate Plymouth Boot Screen.
[[0;32m  OK  [0m] Started Serial Getty on ttyS0.
         Starting Set console scheme...
[[0;32m  OK  [0m] Started Set console scheme.
[[0;32m  OK  [0m] Created slice system-getty.slice.
[[0;32m  OK  [0m] Started Getty on tty1.
[[0;32m  OK  [0m] Reached target Login Prompts.
[[0;32m  OK  [0m] Started LSB: VirtualBox Linux Additions.
[[0;32m  OK  [0m] Started LXD - container startup/shutdown.
[[0;32m  OK  [0m] Started Pollinate to seed the pseudo random number generator.
         Starting OpenBSD Secure Shell server...
[[0;32m  OK  [0m] Started OpenBSD Secure Shell server.
[[0;32m  OK  [0m] Reached target Multi-User System.
[[0;32m  OK  [0m] Reached target Graphical Interface.
         Starting Update UTMP about System Runlevel Changes...
[[0;32m  OK  [0m] Started Update UTMP about System Runlevel Changes.
[   24.238071] cloud-init[1048]: Generating locales (this might take a while)...
[   25.476819] cloud-init[1048]:   en_US.UTF-8... done
[   25.508781] cloud-init[1048]: Generation complete.
         Stopping OpenBSD Secure Shell server...
[[0;32m  OK  [0m] Stopped OpenBSD Secure Shell server.
         Starting OpenBSD Secure Shell server...
[[0;32m  OK  [0m] Started OpenBSD Secure Shell server.
[[0;32m  OK  [0m] Created slice User Slice of ubuntu.
         Starting User Manager for UID 1000...
[[0;32m  OK  [0m] Started Session 1 of user ubuntu.
[[0;32m  OK  [0m] Started User Manager for UID 1000.
[   26.158119] cloud-init[1048]: Cloud-init v. 0.7.9 running 'modules:config' at Sat, 16 Sep 2017 01:05:38 +0000. Up 23.70 seconds.
[[0;32m  OK  [0m] Started Apply the settings specified in cloud-config.
         Starting Execute cloud user/final scripts...
ci-info: no authorized ssh keys fingerprints found for user ubuntu.
<14>Sep 16 01:05:42 ec2: 
<14>Sep 16 01:05:42 ec2: #############################################################
<14>Sep 16 01:05:42 ec2: -----BEGIN SSH HOST KEY FINGERPRINTS-----
<14>Sep 16 01:05:42 ec2: 1024 SHA256:/LUlUN9NubiS+jJk1hIiIEvEZldnpj4NtRu8GTjE+qM root@ubuntu-artful (DSA)
<14>Sep 16 01:05:42 ec2: 256 SHA256:E6LlNoUCgLdwoFalAyZchESNl9f2vNWQ/OwRyQ/klpI root@ubuntu-artful (ECDSA)
<14>Sep 16 01:05:42 ec2: 256 SHA256:4petFhfSiWsiS+3kNym0QjSZw9lq6Nt1X/yTI9YRl5s root@ubuntu-artful (ED25519)
<14>Sep 16 01:05:42 ec2: 2048 SHA256:GhS14Cgmecd9ado27wjTIbmcCyT3iKCOjKkaqBxPjDQ root@ubuntu-artful (RSA)
<14>Sep 16 01:05:42 ec2: -----END SSH HOST KEY FINGERPRINTS-----
<14>Sep 16 01:05:42 ec2: #############################################################
-----BEGIN SSH HOST KEY KEYS-----
ecdsa-sha2-nistp256 AAAAE2VjZHNhLXNoYTItbmlzdHAyNTYAAAAIbmlzdHAyNTYAAABBBBavnZjZHnLZreuc8LVTV/R2odwYQDz3WMwfjZLUxskRQwXvi3R/0WBiQTDgyNjE8w12x43C+XHNAMeNESeTtRU= root@ubuntu-artful
ssh-ed25519 AAAAC3NzaC1lZDI1NTE5AAAAINv6S7+dXVvU4Ukf/D90M4or613lDB7nVt5SAO7U3m8P root@ubuntu-artful
ssh-rsa AAAAB3NzaC1yc2EAAAADAQABAAABAQCj1BIoVYFf7pnaAcPBS6aIdYpSiUEXlUtRJz5rZ9wAvxufMzEZaowVrWpbu/vqmvu5IxLUpfzG9bBYoOqpHWL4CIh0kodJn+PwdqFs+N6CHR9+2RA0gDhSYp3k7KFDtIqpWQVdGRssTLHn2AYvKUlVCRA/QR7acEggBUGAcaVvPyUzlWH3O7WdRK+tRB8995U9Z3gosX2lMXVSGi4tYsQLFVLV1nts/9RJYdjCqgP5KXpbf1L3a0TXmaTRir6R6YDQn0Bw6UylK258XcxsAvpmAHfHCUd6XF6ONE/LyxJLFBWB15Vn5aUbd7RcfIWPk/CP8nLBd8ufyqkLVwWd1rk7 root@ubuntu-artful
-----END SSH HOST KEY KEYS-----
[   27.904927] cloud-init[1370]: Cloud-init v. 0.7.9 running 'modules:final' at Sat, 16 Sep 2017 01:05:41 +0000. Up 27.15 seconds.
[   27.905117] cloud-init[1370]: ci-info: no authorized ssh keys fingerprints found for user ubuntu.
[   27.905227] cloud-init[1370]: Cloud-init v. 0.7.9 finished at Sat, 16 Sep 2017 01:05:42 +0000. Datasource DataSourceNoCloud [seed=/dev/sdb][dsmode=net].  Up 27.89 seconds

Ubuntu Artful Aardvark (development branch) ubuntu-artful ttyS0

ubuntu-artful login: 